../Core/Src/main.c:84:6:HAL_TIM_PeriodElapsedCallback	16	static
../Core/Src/main.c:97:6:HAL_SPI_TxRxCpltCallback	16	static
../Core/Src/main.c:114:5:main	152	static
../Core/Src/main.c:252:6:SystemClock_Config	96	static
../Core/Src/main.c:296:13:MX_CAN_Init	8	static
../Core/Src/main.c:333:13:MX_SPI1_Init	8	static
../Core/Src/main.c:372:13:MX_TIM1_Init	96	static
../Core/Src/main.c:446:13:MX_TIM2_Init	56	static
../Core/Src/main.c:495:13:MX_TIM3_Init	56	static
../Core/Src/main.c:544:13:MX_TIM6_Init	24	static
../Core/Src/main.c:582:13:MX_USART2_UART_Init	8	static
../Core/Src/main.c:615:13:MX_DMA_Init	16	static
../Core/Src/main.c:636:13:MX_GPIO_Init	40	static
../Core/Src/main.c:672:5:_write	24	static
../Core/Src/main.c:683:6:Error_Handler	4	static,ignoring_inline_asm
